Archive member included to satisfy reference by file (symbol)

C:/ST/STM32CubeIDE_1.19.0/STM32CubeIDE/plugins/com.st.stm32cube.ide.mcu.externaltools.gnu-tools-for-stm32.13.3.rel1.win32_1.0.0.202411081344/tools/bin/../lib/gcc/arm-none-eabi/13.3.1/../../../../arm-none-eabi/lib/thumb/v7e-m+fp/hard\libc_nano.a(libc_a-exit.o)
                              C:/ST/STM32CubeIDE_1.19.0/STM32CubeIDE/plugins/com.st.stm32cube.ide.mcu.externaltools.gnu-tools-for-stm32.13.3.rel1.win32_1.0.0.202411081344/tools/bin/../lib/gcc/arm-none-eabi/13.3.1/../../../../arm-none-eabi/lib/thumb/v7e-m+fp/hard/crt0.o (exit)
C:/ST/STM32CubeIDE_1.19.0/STM32CubeIDE/plugins/com.st.stm32cube.ide.mcu.externaltools.gnu-tools-for-stm32.13.3.rel1.win32_1.0.0.202411081344/tools/bin/../lib/gcc/arm-none-eabi/13.3.1/../../../../arm-none-eabi/lib/thumb/v7e-m+fp/hard\libc_nano.a(libc_a-findfp.o)
                              C:/ST/STM32CubeIDE_1.19.0/STM32CubeIDE/plugins/com.st.stm32cube.ide.mcu.externaltools.gnu-tools-for-stm32.13.3.rel1.win32_1.0.0.202411081344/tools/bin/../lib/gcc/arm-none-eabi/13.3.1/../../../../arm-none-eabi/lib/thumb/v7e-m+fp/hard\libc_nano.a(libc_a-exit.o) (__stdio_exit_handler)
C:/ST/STM32CubeIDE_1.19.0/STM32CubeIDE/plugins/com.st.stm32cube.ide.mcu.externaltools.gnu-tools-for-stm32.13.3.rel1.win32_1.0.0.202411081344/tools/bin/../lib/gcc/arm-none-eabi/13.3.1/../../../../arm-none-eabi/lib/thumb/v7e-m+fp/hard\libc_nano.a(libc_a-fwalk.o)
                              C:/ST/STM32CubeIDE_1.19.0/STM32CubeIDE/plugins/com.st.stm32cube.ide.mcu.externaltools.gnu-tools-for-stm32.13.3.rel1.win32_1.0.0.202411081344/tools/bin/../lib/gcc/arm-none-eabi/13.3.1/../../../../arm-none-eabi/lib/thumb/v7e-m+fp/hard\libc_nano.a(libc_a-findfp.o) (_fwalk_sglue)
C:/ST/STM32CubeIDE_1.19.0/STM32CubeIDE/plugins/com.st.stm32cube.ide.mcu.externaltools.gnu-tools-for-stm32.13.3.rel1.win32_1.0.0.202411081344/tools/bin/../lib/gcc/arm-none-eabi/13.3.1/../../../../arm-none-eabi/lib/thumb/v7e-m+fp/hard\libc_nano.a(libc_a-stdio.o)
                              C:/ST/STM32CubeIDE_1.19.0/STM32CubeIDE/plugins/com.st.stm32cube.ide.mcu.externaltools.gnu-tools-for-stm32.13.3.rel1.win32_1.0.0.202411081344/tools/bin/../lib/gcc/arm-none-eabi/13.3.1/../../../../arm-none-eabi/lib/thumb/v7e-m+fp/hard\libc_nano.a(libc_a-findfp.o) (__sread)
C:/ST/STM32CubeIDE_1.19.0/STM32CubeIDE/plugins/com.st.stm32cube.ide.mcu.externaltools.gnu-tools-for-stm32.13.3.rel1.win32_1.0.0.202411081344/tools/bin/../lib/gcc/arm-none-eabi/13.3.1/../../../../arm-none-eabi/lib/thumb/v7e-m+fp/hard\libc_nano.a(libc_a-memset.o)
                              C:/ST/STM32CubeIDE_1.19.0/STM32CubeIDE/plugins/com.st.stm32cube.ide.mcu.externaltools.gnu-tools-for-stm32.13.3.rel1.win32_1.0.0.202411081344/tools/bin/../lib/gcc/arm-none-eabi/13.3.1/../../../../arm-none-eabi/lib/thumb/v7e-m+fp/hard/crt0.o (memset)
C:/ST/STM32CubeIDE_1.19.0/STM32CubeIDE/plugins/com.st.stm32cube.ide.mcu.externaltools.gnu-tools-for-stm32.13.3.rel1.win32_1.0.0.202411081344/tools/bin/../lib/gcc/arm-none-eabi/13.3.1/../../../../arm-none-eabi/lib/thumb/v7e-m+fp/hard\libc_nano.a(libc_a-closer.o)
                              C:/ST/STM32CubeIDE_1.19.0/STM32CubeIDE/plugins/com.st.stm32cube.ide.mcu.externaltools.gnu-tools-for-stm32.13.3.rel1.win32_1.0.0.202411081344/tools/bin/../lib/gcc/arm-none-eabi/13.3.1/../../../../arm-none-eabi/lib/thumb/v7e-m+fp/hard\libc_nano.a(libc_a-stdio.o) (_close_r)
C:/ST/STM32CubeIDE_1.19.0/STM32CubeIDE/plugins/com.st.stm32cube.ide.mcu.externaltools.gnu-tools-for-stm32.13.3.rel1.win32_1.0.0.202411081344/tools/bin/../lib/gcc/arm-none-eabi/13.3.1/../../../../arm-none-eabi/lib/thumb/v7e-m+fp/hard\libc_nano.a(libc_a-reent.o)
                              C:/ST/STM32CubeIDE_1.19.0/STM32CubeIDE/plugins/com.st.stm32cube.ide.mcu.externaltools.gnu-tools-for-stm32.13.3.rel1.win32_1.0.0.202411081344/tools/bin/../lib/gcc/arm-none-eabi/13.3.1/../../../../arm-none-eabi/lib/thumb/v7e-m+fp/hard\libc_nano.a(libc_a-closer.o) (errno)
C:/ST/STM32CubeIDE_1.19.0/STM32CubeIDE/plugins/com.st.stm32cube.ide.mcu.externaltools.gnu-tools-for-stm32.13.3.rel1.win32_1.0.0.202411081344/tools/bin/../lib/gcc/arm-none-eabi/13.3.1/../../../../arm-none-eabi/lib/thumb/v7e-m+fp/hard\libc_nano.a(libc_a-impure.o)
                              C:/ST/STM32CubeIDE_1.19.0/STM32CubeIDE/plugins/com.st.stm32cube.ide.mcu.externaltools.gnu-tools-for-stm32.13.3.rel1.win32_1.0.0.202411081344/tools/bin/../lib/gcc/arm-none-eabi/13.3.1/../../../../arm-none-eabi/lib/thumb/v7e-m+fp/hard\libc_nano.a(libc_a-reent.o) (_impure_ptr)
C:/ST/STM32CubeIDE_1.19.0/STM32CubeIDE/plugins/com.st.stm32cube.ide.mcu.externaltools.gnu-tools-for-stm32.13.3.rel1.win32_1.0.0.202411081344/tools/bin/../lib/gcc/arm-none-eabi/13.3.1/../../../../arm-none-eabi/lib/thumb/v7e-m+fp/hard\libc_nano.a(libc_a-lseekr.o)
[...]
Memory Configuration

Name             Origin             Length             Attributes
RAM              0x20000000         0x000a0000         xrw
RAM2             0x10000000         0x00010000         xrw
RAM3             0x20040000         0x00060000         xrw
FLASH            0x08000000         0x00200000         xr
*default*        0x00000000         0xffffffff

Linker script and memory map

LOAD C:/ST/STM32CubeIDE_1.19.0/STM32CubeIDE/plugins/com.st.stm32cube.ide.mcu.externaltools.gnu-tools-for-stm32.13.3.rel1.win32_1.0.0.202411081344/tools/bin/../lib/gcc/arm-none-eabi/13.3.1/thumb/v7e-m+fp/hard/crti.o
LOAD C:/ST/STM32CubeIDE_1.19.0/STM32CubeIDE/plugins/com.st.stm32cube.ide.mcu.externaltools.gnu-tools-for-stm32.13.3.rel1.win32_1.0.0.202411081344/tools/bin/../lib/gcc/arm-none-eabi/13.3.1/thumb/v7e-m+fp/hard/crtbegin.o
LOAD C:/ST/STM32CubeIDE_1.19.0/STM32CubeIDE/plugins/com.st.stm32cube.ide.mcu.externaltools.gnu-tools-for-stm32.13.3.rel1.win32_1.0.0.202411081344/tools/bin/../lib/gcc/arm-none-eabi/13.3.1/../../../../arm-none-eabi/lib/thumb/v7e-m+fp/hard/crt0.o
LOAD ./Core/Src/main.o
LOAD ./Core/Src/stm32l4xx_hal_msp.o
LOAD ./Core/Src/stm32l4xx_it.o
LOAD ./Core/Src/syscalls.o
LOAD ./Core/Src/sysmem.o
LOAD ./Core/Src/system_stm32l4xx.o
LOAD ./Core/Startup/startup_stm32l4s5vitx.o
LOAD ./Drivers/STM32L4xx_HAL_Driver/Src/stm32l4xx_hal.o
LOAD ./Drivers/STM32L4xx_HAL_Driver/Src/stm32l4xx_hal_cortex.o
LOAD ./Drivers/STM32L4xx_HAL_Driver/Src/stm32l4xx_hal_dma.o
LOAD ./Drivers/STM32L4xx_HAL_Driver/Src/stm32l4xx_hal_dma_ex.o
LOAD ./Drivers/STM32L4xx_HAL_Driver/Src/stm32l4xx_hal_exti.o
LOAD ./Drivers/STM32L4xx_HAL_Driver/Src/stm32l4xx_hal_flash.o
LOAD ./Drivers/STM32L4xx_HAL_Driver/Src/stm32l4xx_hal_flash_ex.o
LOAD ./Drivers/STM32L4xx_HAL_Driver/Src/stm32l4xx_hal_flash_ramfunc.o
LOAD ./Drivers/STM32L4xx_HAL_Driver/Src/stm32l4xx_hal_gpio.o
LOAD ./Drivers/STM32L4xx_HAL_Driver/Src/stm32l4xx_hal_i2c.o
LOAD ./Drivers/STM32L4xx_HAL_Driver/Src/stm32l4xx_hal_i2c_ex.o
LOAD ./Drivers/STM32L4xx_HAL_Driver/Src/stm32l4xx_hal_pwr.o
LOAD ./Drivers/STM32L4xx_HAL_Driver/Src/stm32l4xx_hal_pwr_ex.o
LOAD ./Drivers/STM32L4xx_HAL_Driver/Src/stm32l4xx_hal_rcc.o
LOAD ./Drivers/STM32L4xx_HAL_Driver/Src/stm32l4xx_hal_rcc_ex.o
START GROUP
LOAD C:/ST/STM32CubeIDE_1.19.0/STM32CubeIDE/plugins/com.st.stm32cube.ide.mcu.externaltools.gnu-tools-for-stm32.13.3.rel1.win32_1.0.0.202411081344/tools/bin/../lib/gcc/arm-none-eabi/13.3.1/../../../../arm-none-eabi/lib/thumb/v7e-m+fp/hard\libc_nano.a
LOAD C:/ST/STM32CubeIDE_1.19.0/STM32CubeIDE/plugins/com.st.stm32cube.ide.mcu.externaltools.gnu-tools-for-stm32.13.3.rel1.win32_1.0.0.202411081344/tools/bin/../lib/gcc/arm-none-eabi/13.3.1/../../../../arm-none-eabi/lib/thumb/v7e-m+fp/hard\libm.a
END GROUP
START GROUP
LOAD C:/ST/STM32CubeIDE_1.19.0/STM32CubeIDE/plugins/com.st.stm32cube.ide.mcu.externaltools.gnu-tools-for-stm32.13.3.rel1.win32_1.0.0.202411081344/tools/bin/../lib/gcc/arm-none-eabi/13.3.1/thumb/v7e-m+fp/hard\libgcc.a
LOAD C:/ST/STM32CubeIDE_1.19.0/STM32CubeIDE/plugins/com.st.stm32cube.ide.mcu.externaltools.gnu-tools-for-stm32.13.3.rel1.win32_1.0.0.202411081344/tools/bin/../lib/gcc/arm-none-eabi/13.3.1/../../../../arm-none-eabi/lib/thumb/v7e-m+fp/hard\libc_nano.a
END GROUP
START GROUP
LOAD C:/ST/STM32CubeIDE_1.19.0/STM32CubeIDE/plugins/com.st.stm32cube.ide.mcu.externaltools.gnu-tools-for-stm32.13.3.rel1.win32_1.0.0.202411081344/tools/bin/../lib/gcc/arm-none-eabi/13.3.1/thumb/v7e-m+fp/hard\libgcc.a
LOAD C:/ST/STM32CubeIDE_1.19.0/STM32CubeIDE/plugins/com.st.stm32cube.ide.mcu.externaltools.gnu-tools-for-stm32.13.3.rel1.win32_1.0.0.202411081344/tools/bin/../lib/gcc/arm-none-eabi/13.3.1/../../../../arm-none-eabi/lib/thumb/v7e-m+fp/hard\libc_nano.a
LOAD C:/ST/STM32CubeIDE_1.19.0/STM32CubeIDE/plugins/com.st.stm32cube.ide.mcu.externaltools.gnu-tools-for-stm32.13.3.rel1.win32_1.0.0.202411081344/tools/bin/../lib/gcc/arm-none-eabi/13.3.1/../../../../arm-none-eabi/lib/thumb/v7e-m+fp/hard\libnosys.a
END GROUP
START GROUP
LOAD C:/ST/STM32CubeIDE_1.19.0/STM32CubeIDE/plugins/com.st.stm32cube.ide.mcu.externaltools.gnu-tools-for-stm32.13.3.rel1.win32_1.0.0.202411081344/tools/bin/../lib/gcc/arm-none-eabi/13.3.1/thumb/v7e-m+fp/hard\libgcc.a
LOAD C:/ST/STM32CubeIDE_1.19.0/STM32CubeIDE/plugins/com.st.stm32cube.ide.mcu.externaltools.gnu-tools-for-stm32.13.3.rel1.win32_1.0.0.202411081344/tools/bin/../lib/gcc/arm-none-eabi/13.3.1/../../../../arm-none-eabi/lib/thumb/v7e-m+fp/hard\libc_nano.a
LOAD C:/ST/STM32CubeIDE_1.19.0/STM32CubeIDE/plugins/com.st.stm32cube.ide.mcu.externaltools.gnu-tools-for-stm32.13.3.rel1.win32_1.0.0.202411081344/tools/bin/../lib/gcc/arm-none-eabi/13.3.1/../../../../arm-none-eabi/lib/thumb/v7e-m+fp/hard\libnosys.a
END GROUP
LOAD C:/ST/STM32CubeIDE_1.19.0/STM32CubeIDE/plugins/com.st.stm32cube.ide.mcu.externaltools.gnu-tools-for-stm32.13.3.rel1.win32_1.0.0.202411081344/tools/bin/../lib/gcc/arm-none-eabi/13.3.1/thumb/v7e-m+fp/hard/crtend.o
LOAD C:/ST/STM32CubeIDE_1.19.0/STM32CubeIDE/plugins/com.st.stm32cube.ide.mcu.externaltools.gnu-tools-for-stm32.13.3.rel1.win32_1.0.0.202411081344/tools/bin/../lib/gcc/arm-none-eabi/13.3.1/thumb/v7e-m+fp/hard/crtn.o
                0x200a0000                        _estack = (ORIGIN (RAM) + LENGTH (RAM))
                0x00000200                        _Min_Heap_Size = 0x200
                0x00000400                        _Min_Stack_Size = 0x400

.isr_vector     0x08000000      0x1bc
                0x08000000                        . = ALIGN (0x4)
 *(.isr_vector)
 .isr_vector    0x08000000      0x1bc ./Core/Startup/startup_stm32l4s5vitx.o
                0x08000000                g_pfnVectors
                0x080001bc                        . = ALIGN (0x4)

.text           0x080001bc     0x1c1c
                0x080001bc                        . = ALIGN (0x4)
 *(.text)
 .text          0x080001bc       0x40 C:/ST/STM32CubeIDE_1.19.0/STM32CubeIDE/plugins/com.st.stm32cube.ide.mcu.externaltools.gnu-tools-for-stm32.13.3.rel1.win32_1.0.0.202411081344/tools/bin/../lib/gcc/arm-none-eabi/13.3.1/thumb/v7e-m+fp/hard/crtbegin.o
 *(.text*)
 .text.main     0x080001fc       0x14 ./Core/Src/main.o
                0x080001fc                main
 .text.SystemClock_Config
                0x08000210       0xa2 ./Core/Src/main.o
                0x08000210                SystemClock_Config
 *fill*         0x080002b2        0x2 
 .text.MX_GPIO_Init
                0x080002b4      0x3c0 ./Core/Src/main.o
 .text.Error_Handler
                0x08000674        0xc ./Core/Src/main.o
                0x08000674                Error_Handler
 .text.HAL_MspInit
                0x08000680       0x48 ./Core/Src/stm32l4xx_hal_msp.o
                0x08000680                HAL_MspInit
 .text.NMI_Handler
                0x080006c8        0x8 ./Core/Src/stm32l4xx_it.o
                0x080006c8                NMI_Handler
 .text.HardFault_Handler
                0x080006d0        0x8 ./Core/Src/stm32l4xx_it.o
                0x080006d0                HardFault_Handler
 .text.MemManage_Handler
                0x080006d8        0x8 ./Core/Src/stm32l4xx_it.o
                0x080006d8                MemManage_Handler
 .text.BusFault_Handler
                0x080006e0        0x8 ./Core/Src/stm32l4xx_it.o
                0x080006e0                BusFault_Handler
 .text.UsageFault_Handler
                0x080006e8        0x8 ./Core/Src/stm32l4xx_it.o
                0x080006e8                UsageFault_Handler
 .text.SVC_Handler
                0x080006f0        0xe ./Core/Src/stm32l4xx_it.o
                0x080006f0                SVC_Handler
 .text.DebugMon_Handler
                0x080006fe        0xe ./Core/Src/stm32l4xx_it.o
                0x080006fe                DebugMon_Handler
 .text.PendSV_Handler
                0x0800070c        0xe ./Core/Src/stm32l4xx_it.o
                0x0800070c                PendSV_Handler
 .text.SysTick_Handler
                0x0800071a        0xc ./Core/Src/stm32l4xx_it.o
                0x0800071a                SysTick_Handler
 .text.EXTI9_5_IRQHandler
                0x08000726       0x22 ./Core/Src/stm32l4xx_it.o
                0x08000726                EXTI9_5_IRQHandler
 .text.EXTI15_10_IRQHandler
                0x08000748       0x38 ./Core/Src/stm32l4xx_it.o
                0x08000748                EXTI15_10_IRQHandler
 .text.SystemInit
                0x08000780       0x24 ./Core/Src/system_stm32l4xx.o
                0x08000780                SystemInit
 .text.Reset_Handler
                0x080007a4       0x50 ./Core/Startup/startup_stm32l4s5vitx.o
                0x080007a4                Reset_Handler
 .text.Default_Handler
                0x080007f4        0x2 ./Core/Startup/startup_stm32l4s5vitx.o
                0x080007f4                RTC_Alarm_IRQHandler
                0x080007f4                EXTI2_IRQHandler
                0x080007f4                TIM8_TRG_COM_IRQHandler
                0x080007f4                TIM8_CC_IRQHandler
                0x080007f4                TIM1_CC_IRQHandler
                0x080007f4                TSC_IRQHandler
                0x080007f4                TAMP_STAMP_IRQHandler
                0x080007f4                EXTI3_IRQHandler
                0x080007f4                LPTIM2_IRQHandler
                0x080007f4                DFSDM1_FLT1_IRQHandler
                0x080007f4                GFXMMU_IRQHandler
                0x080007f4                I2C3_ER_IRQHandler
                0x080007f4                DFSDM1_FLT2_IRQHandler
                0x080007f4                EXTI0_IRQHandler
                0x080007f4                I2C2_EV_IRQHandler
                0x080007f4                CAN1_RX0_IRQHandler
                0x080007f4                FPU_IRQHandler
                0x080007f4                TIM1_UP_TIM16_IRQHandler
                0x080007f4                LTDC_ER_IRQHandler
                0x080007f4                SPI1_IRQHandler
                0x080007f4                OCTOSPI1_IRQHandler
                0x080007f4                TIM6_DAC_IRQHandler
                0x080007f4                DCMI_IRQHandler
                0x080007f4                TIM8_UP_IRQHandler
                0x080007f4                OCTOSPI2_IRQHandler
                0x080007f4                DMA2_Channel2_IRQHandler
                0x080007f4                DMA1_Channel4_IRQHandler
                0x080007f4                SAI2_IRQHandler
                0x080007f4                ADC1_IRQHandler
                0x080007f4                DFSDM1_FLT3_IRQHandler
                0x080007f4                USART3_IRQHandler
                0x080007f4                DMA1_Channel7_IRQHandler
                0x080007f4                CAN1_RX1_IRQHandler
                0x080007f4                UART5_IRQHandler
                0x080007f4                TIM4_IRQHandler
                0x080007f4                DMA2_Channel1_IRQHandler
                0x080007f4                I2C1_EV_IRQHandler
                0x080007f4                DMAMUX1_OVR_IRQHandler
                0x080007f4                DMA1_Channel6_IRQHandler
                0x080007f4                UART4_IRQHandler
                0x080007f4                DMA2_Channel4_IRQHandler
                0x080007f4                TIM3_IRQHandler
                0x080007f4                RCC_IRQHandler
                0x080007f4                DMA1_Channel1_IRQHandler
                0x080007f4                Default_Handler
                0x080007f4                DMA2_Channel7_IRQHandler
                0x080007f4                TIM7_IRQHandler
                0x080007f4                SDMMC1_IRQHandler
                0x080007f4                TIM5_IRQHandler
                0x080007f4                I2C3_EV_IRQHandler
                0x080007f4                RTC_WKUP_IRQHandler
                0x080007f4                LTDC_IRQHandler
                0x080007f4                PVD_PVM_IRQHandler
                0x080007f4                SPI2_IRQHandler
                0x080007f4                CAN1_TX_IRQHandler
                0x080007f4                DMA2_Channel5_IRQHandler
                0x080007f4                DMA1_Channel5_IRQHandler
                0x080007f4                EXTI4_IRQHandler
                0x080007f4                RNG_IRQHandler
                0x080007f4                TIM1_TRG_COM_TIM17_IRQHandler
                0x080007f4                DMA1_Channel3_IRQHandler
                0x080007f4                COMP_IRQHandler
                0x080007f4                HASH_CRS_IRQHandler
                0x080007f4                WWDG_IRQHandler
                0x080007f4                I2C4_EV_IRQHandler
                0x080007f4                LPUART1_IRQHandler
                0x080007f4                DMA2_Channel6_IRQHandler
                0x080007f4                TIM2_IRQHandler
                0x080007f4                DMA2D_IRQHandler
                0x080007f4                EXTI1_IRQHandler
                0x080007f4                AES_IRQHandler
                0x080007f4                USART2_IRQHandler
                0x080007f4                DFSDM1_FLT0_IRQHandler
                0x080007f4                I2C2_ER_IRQHandler
                0x080007f4                DMA1_Channel2_IRQHandler
                0x080007f4                TIM8_BRK_IRQHandler
                0x080007f4                CAN1_SCE_IRQHandler
                0x080007f4                FLASH_IRQHandler
                0x080007f4                USART1_IRQHandler
                0x080007f4                OTG_FS_IRQHandler
                0x080007f4                SPI3_IRQHandler
                0x080007f4                I2C1_ER_IRQHandler
                0x080007f4                FMC_IRQHandler
                0x080007f4                LPTIM1_IRQHandler
                0x080007f4                I2C4_ER_IRQHandler
                0x080007f4                SAI1_IRQHandler
                0x080007f4                DMA2_Channel3_IRQHandler
                0x080007f4                TIM1_BRK_TIM15_IRQHandler
 .text.HAL_Init
                0x080007f6       0x30 ./Drivers/STM32L4xx_HAL_Driver/Src/stm32l4xx_hal.o
                0x080007f6                HAL_Init
 *fill*         0x08000826        0x2 
 .text.HAL_InitTick
                0x08000828       0x78 ./Drivers/STM32L4xx_HAL_Driver/Src/stm32l4xx_hal.o
                0x08000828                HAL_InitTick
 .text.HAL_IncTick
                0x080008a0       0x28 ./Drivers/STM32L4xx_HAL_Driver/Src/stm32l4xx_hal.o
                0x080008a0                HAL_IncTick
 .text.HAL_GetTick
                0x080008c8       0x18 ./Drivers/STM32L4xx_HAL_Driver/Src/stm32l4xx_hal.o
                0x080008c8                HAL_GetTick
 .text.__NVIC_SetPriorityGrouping
                0x080008e0       0x48 ./Drivers/STM32L4xx_HAL_Driver/Src/stm32l4xx_hal_cortex.o
 .text.__NVIC_GetPriorityGrouping
                0x08000928       0x1c ./Drivers/STM32L4xx_HAL_Driver/Src/stm32l4xx_hal_cortex.o
 .text.__NVIC_EnableIRQ
                0x08000944       0x3c ./Drivers/STM32L4xx_HAL_Driver/Src/stm32l4xx_hal_cortex.o
 .text.__NVIC_SetPriority
                0x08000980       0x54 ./Drivers/STM32L4xx_HAL_Driver/Src/stm32l4xx_hal_cortex.o
 .text.NVIC_EncodePriority
                0x080009d4       0x66 ./Drivers/STM32L4xx_HAL_Driver/Src/stm32l4xx_hal_cortex.o
 *fill*         0x08000a3a        0x2 
 .text.SysTick_Config
                0x08000a3c       0x44 ./Drivers/STM32L4xx_HAL_Driver/Src/stm32l4xx_hal_cortex.o
 .text.HAL_NVIC_SetPriorityGrouping
                0x08000a80       0x16 ./Drivers/STM32L4xx_HAL_Driver/Src/stm32l4xx_hal_cortex.o
                0x08000a80                HAL_NVIC_SetPriorityGrouping
 .text.HAL_NVIC_SetPriority
                0x08000a96       0x38 ./Drivers/STM32L4xx_HAL_Driver/Src/stm32l4xx_hal_cortex.o
                0x08000a96                HAL_NVIC_SetPriority
 .text.HAL_NVIC_EnableIRQ
                0x08000ace       0x1c ./Drivers/STM32L4xx_HAL_Driver/Src/stm32l4xx_hal_cortex.o
                0x08000ace                HAL_NVIC_EnableIRQ
 .text.HAL_SYSTICK_Config
                0x08000aea       0x18 ./Drivers/STM32L4xx_HAL_Driver/Src/stm32l4xx_hal_cortex.o
                0x08000aea                HAL_SYSTICK_Config
 *fill*         0x08000b02        0x2 
 .text.HAL_GPIO_Init
                0x08000b04      0x324 ./Drivers/STM32L4xx_HAL_Driver/Src/stm32l4xx_hal_gpio.o
                0x08000b04                HAL_GPIO_Init
 .text.HAL_GPIO_WritePin
                0x08000e28       0x30 ./Drivers/STM32L4xx_HAL_Driver/Src/stm32l4xx_hal_gpio.o
                0x08000e28                HAL_GPIO_WritePin
 .text.HAL_GPIO_EXTI_IRQHandler
                0x08000e58       0x30 ./Drivers/STM32L4xx_HAL_Driver/Src/stm32l4xx_hal_gpio.o
                0x08000e58                HAL_GPIO_EXTI_IRQHandler
 .text.HAL_GPIO_EXTI_Callback
                0x08000e88       0x16 ./Drivers/STM32L4xx_HAL_Driver/Src/stm32l4xx_hal_gpio.o
                0x08000e88                HAL_GPIO_EXTI_Callback
 *fill*         0x08000e9e        0x2 
 .text.HAL_PWREx_GetVoltageRange
                0x08000ea0       0x40 ./Drivers/STM32L4xx_HAL_Driver/Src/stm32l4xx_hal_pwr_ex.o
                0x08000ea0                HAL_PWREx_GetVoltageRange
 .text.HAL_PWREx_ControlVoltageScaling
                0x08000ee0      0x148 ./Drivers/STM32L4xx_HAL_Driver/Src/stm32l4xx_hal_pwr_ex.o
                0x08000ee0                HAL_PWREx_ControlVoltageScaling
 .text.HAL_RCC_OscConfig
                0x08001028      0x834 ./Drivers/STM32L4xx_HAL_Driver/Src/stm32l4xx_hal_rcc.o
                0x08001028                HAL_RCC_OscConfig
 .text.HAL_RCC_ClockConfig
                0x0800185c      0x274 ./Drivers/STM32L4xx_HAL_Driver/Src/stm32l4xx_hal_rcc.o
                0x0800185c                HAL_RCC_ClockConfig
 .text.HAL_RCC_GetSysClockFreq
                0x08001ad0      0x118 ./Drivers/STM32L4xx_HAL_Driver/Src/stm32l4xx_hal_rcc.o
                0x08001ad0                HAL_RCC_GetSysClockFreq
 .text.RCC_SetFlashLatencyFromMSIRange
                0x08001be8       0xb4 ./Drivers/STM32L4xx_HAL_Driver/Src/stm32l4xx_hal_rcc.o
 .text.RCC_GetSysClockFreqFromPLLSource
                0x08001c9c       0xcc ./Drivers/STM32L4xx_HAL_Driver/Src/stm32l4xx_hal_rcc.o
 .text.memset   0x08001d68       0x10 C:/ST/STM32CubeIDE_1.19.0/STM32CubeIDE/plugins/com.st.stm32cube.ide.mcu.externaltools.gnu-tools-for-stm32.13.3.rel1.win32_1.0.0.202411081344/tools/bin/../lib/gcc/arm-none-eabi/13.3.1/../../../../arm-none-eabi/lib/thumb/v7e-m+fp/hard\libc_nano.a(libc_a-memset.o)
                0x08001d68                memset
 .text.__libc_init_array
                0x08001d78       0x48 C:/ST/STM32CubeIDE_1.19.0/STM32CubeIDE/plugins/com.st.stm32cube.ide.mcu.externaltools.gnu-tools-for-stm32.13.3.rel1.win32_1.0.0.202411081344/tools/bin/../lib/gcc/arm-none-eabi/13.3.1/../../../../arm-none-eabi/lib/thumb/v7e-m+fp/hard\libc_nano.a(libc_a-init.o)
                0x08001d78                __libc_init_array
 *(.glue_7)
 .glue_7        0x08001dc0        0x0 linker stubs
 *(.glue_7t)
 .glue_7t       0x08001dc0        0x0 linker stubs
 *(.eh_frame)
 .eh_frame      0x08001dc0        0x0 C:/ST/STM32CubeIDE_1.19.0/STM32CubeIDE/plugins/com.st.stm32cube.ide.mcu.externaltools.gnu-tools-for-stm32.13.3.rel1.win32_1.0.0.202411081344/tools/bin/../lib/gcc/arm-none-eabi/13.3.1/thumb/v7e-m+fp/hard/crtbegin.o
 *(.init)
 .init          0x08001dc0        0x4 C:/ST/STM32CubeIDE_1.19.0/STM32CubeIDE/plugins/com.st.stm32cube.ide.mcu.externaltools.gnu-tools-for-stm32.13.3.rel1.win32_1.0.0.202411081344/tools/bin/../lib/gcc/arm-none-eabi/13.3.1/thumb/v7e-m+fp/hard/crti.o
                0x08001dc0                _init
 .init          0x08001dc4        0x8 C:/ST/STM32CubeIDE_1.19.0/STM32CubeIDE/plugins/com.st.stm32cube.ide.mcu.externaltools.gnu-tools-for-stm32.13.3.rel1.win32_1.0.0.202411081344/tools/bin/../lib/gcc/arm-none-eabi/13.3.1/thumb/v7e-m+fp/hard/crtn.o
 *(.fini)
 .fini          0x08001dcc        0x4 C:/ST/STM32CubeIDE_1.19.0/STM32CubeIDE/plugins/com.st.stm32cube.ide.mcu.externaltools.gnu-tools-for-stm32.13.3.rel1.win32_1.0.0.202411081344/tools/bin/../lib/gcc/arm-none-eabi/13.3.1/thumb/v7e-m+fp/hard/crti.o
                0x08001dcc                _fini
 .fini          0x08001dd0        0x8 C:/ST/STM32CubeIDE_1.19.0/STM32CubeIDE/plugins/com.st.stm32cube.ide.mcu.externaltools.gnu-tools-for-stm32.13.3.rel1.win32_1.0.0.202411081344/tools/bin/../lib/gcc/arm-none-eabi/13.3.1/thumb/v7e-m+fp/hard/crtn.o
                0x08001dd8                        . = ALIGN (0x4)
                0x08001dd8                        _etext = .

.vfp11_veneer   0x08001dd8        0x0
 .vfp11_veneer  0x08001dd8        0x0 linker stubs

.v4_bx          0x08001dd8        0x0
 .v4_bx         0x08001dd8        0x0 linker stubs

.iplt           0x08001dd8        0x0
 .iplt          0x08001dd8        0x0 C:/ST/STM32CubeIDE_1.19.0/STM32CubeIDE/plugins/com.st.stm32cube.ide.mcu.externaltools.gnu-tools-for-stm32.13.3.rel1.win32_1.0.0.202411081344/tools/bin/../lib/gcc/arm-none-eabi/13.3.1/thumb/v7e-m+fp/hard/crtbegin.o

.rodata         0x08001dd8       0x40
                0x08001dd8                        . = ALIGN (0x4)
 *(.rodata)
 *(.rodata*)
 .rodata.AHBPrescTable
                0x08001dd8       0x10 ./Core/Src/system_stm32l4xx.o
                0x08001dd8                AHBPrescTable
 .rodata.MSIRangeTable
                0x08001de8       0x30 ./Core/Src/system_stm32l4xx.o
                0x08001de8                MSIRangeTable
                0x08001e18                        . = ALIGN (0x4)

.ARM.extab      0x08001e18        0x0
                0x08001e18                        . = ALIGN (0x4)
 *(.ARM.extab* .gnu.linkonce.armextab.*)
                0x08001e18                        . = ALIGN (0x4)

.ARM            0x08001e18        0x0
                0x08001e18                        . = ALIGN (0x4)
                0x08001e18                        __exidx_start = .
 *(.ARM.exidx*)
                0x08001e18                        __exidx_end = .
                0x08001e18                        . = ALIGN (0x4)

.preinit_array  0x08001e18        0x0
                0x08001e18                        . = ALIGN (0x4)
                0x08001e18                        PROVIDE (__preinit_array_start = .)
 *(.preinit_array*)
                0x08001e18                        PROVIDE (__preinit_array_end = .)
                0x08001e18                        . = ALIGN (0x4)

.init_array     0x08001e18        0x4
                0x08001e18                        . = ALIGN (0x4)
                0x08001e18                        PROVIDE (__init_array_start = .)
 *(SORT_BY_NAME(.init_array.*))
 *(.init_array*)
 .init_array    0x08001e18        0x4 C:/ST/STM32CubeIDE_1.19.0/STM32CubeIDE/plugins/com.st.stm32cube.ide.mcu.externaltools.gnu-tools-for-stm32.13.3.rel1.win32_1.0.0.202411081344/tools/bin/../lib/gcc/arm-none-eabi/13.3.1/thumb/v7e-m+fp/hard/crtbegin.o
                0x08001e1c                        PROVIDE (__init_array_end = .)
                0x08001e1c                        . = ALIGN (0x4)

.fini_array     0x08001e1c        0x4
                0x08001e1c                        . = ALIGN (0x4)
                [!provide]                        PROVIDE (__fini_array_start = .)
 *(SORT_BY_NAME(.fini_array.*))
 *(.fini_array*)
 .fini_array    0x08001e1c        0x4 C:/ST/STM32CubeIDE_1.19.0/STM32CubeIDE/plugins/com.st.stm32cube.ide.mcu.externaltools.gnu-tools-for-stm32.13.3.rel1.win32_1.0.0.202411081344/tools/bin/../lib/gcc/arm-none-eabi/13.3.1/thumb/v7e-m+fp/hard/crtbegin.o
                [!provide]                        PROVIDE (__fini_array_end = .)
                0x08001e20                        . = ALIGN (0x4)
                0x08001e20                        _sidata = LOADADDR (.data)

.rel.dyn        0x08001e20        0x0
 .rel.iplt      0x08001e20        0x0 C:/ST/STM32CubeIDE_1.19.0/STM32CubeIDE/plugins/com.st.stm32cube.ide.mcu.externaltools.gnu-tools-for-stm32.13.3.rel1.win32_1.0.0.202411081344/tools/bin/../lib/gcc/arm-none-eabi/13.3.1/thumb/v7e-m+fp/hard/crtbegin.o

.data           0x20000000        0xc load address 0x08001e20
                0x20000000                        . = ALIGN (0x4)
                0x20000000                        _sdata = .
 *(.data)
 *(.data*)
 .data.SystemCoreClock
                0x20000000        0x4 ./Core/Src/system_stm32l4xx.o
                0x20000000                SystemCoreClock
 .data.uwTickPrio
                0x20000004        0x4 ./Drivers/STM32L4xx_HAL_Driver/Src/stm32l4xx_hal.o
                0x20000004                uwTickPrio
 .data.uwTickFreq
                0x20000008        0x1 ./Drivers/STM32L4xx_HAL_Driver/Src/stm32l4xx_hal.o
                0x20000008                uwTickFreq
 *(.RamFunc)
 *(.RamFunc*)
                0x2000000c                        . = ALIGN (0x4)
 *fill*         0x20000009        0x3 
                0x2000000c                        _edata = .

.igot.plt       0x2000000c        0x0 load address 0x08001e2c
 .igot.plt      0x2000000c        0x0 C:/ST/STM32CubeIDE_1.19.0/STM32CubeIDE/plugins/com.st.stm32cube.ide.mcu.externaltools.gnu-tools-for-stm32.13.3.rel1.win32_1.0.0.202411081344/tools/bin/../lib/gcc/arm-none-eabi/13.3.1/thumb/v7e-m+fp/hard/crtbegin.o
                0x2000000c                        . = ALIGN (0x4)

.bss            0x2000000c       0x20 load address 0x08001e2c
                0x2000000c                        _sbss = .
                0x2000000c                        __bss_start__ = _sbss
 *(.bss)
 .bss           0x2000000c       0x1c C:/ST/STM32CubeIDE_1.19.0/STM32CubeIDE/plugins/com.st.stm32cube.ide.mcu.externaltools.gnu-tools-for-stm32.13.3.rel1.win32_1.0.0.202411081344/tools/bin/../lib/gcc/arm-none-eabi/13.3.1/thumb/v7e-m+fp/hard/crtbegin.o
 *(.bss*)
 .bss.uwTick    0x20000028        0x4 ./Drivers/STM32L4xx_HAL_Driver/Src/stm32l4xx_hal.o
                0x20000028                uwTick
 *(COMMON)
                0x2000002c                        . = ALIGN (0x4)
                0x2000002c                        _ebss = .
                0x2000002c                        __bss_end__ = _ebss

._user_heap_stack
                0x2000002c      0x604 load address 0x08001e2c
                0x20000030                        . = ALIGN (0x8)
 *fill*         0x2000002c        0x4 
                [!provide]                        PROVIDE (end = .)
                0x20000030                        PROVIDE (_end = .)
                0x20000230                        . = (. + _Min_Heap_Size)
 *fill*         0x20000030      0x200 
                0x20000630                        . = (. + _Min_Stack_Size)
 *fill*         0x20000230      0x400 
                0x20000630                        . = ALIGN (0x8)

/DISCARD/
 libc.a(*)
 libm.a(*)
 libgcc.a(*)

.ARM.attributes
                0x00000000       0x30
 *(.ARM.attributes)
 .ARM.attributes
                0x00000000       0x22 C:/ST/STM32CubeIDE_1.19.0/STM32CubeIDE/plugins/com.st.stm32cube.ide.mcu.externaltools.gnu-tools-for-stm32.13.3.rel1.win32_1.0.0.202411081344/tools/bin/../lib/gcc/arm-none-eabi/13.3.1/thumb/v7e-m+fp/hard/crti.o
 .ARM.attributes
                0x00000022       0x34 C:/ST/STM32CubeIDE_1.19.0/STM32CubeIDE/plugins/com.st.stm32cube.ide.mcu.externaltools.gnu-tools-for-stm32.13.3.rel1.win32_1.0.0.202411081344/tools/bin/../lib/gcc/arm-none-eabi/13.3.1/thumb/v7e-m+fp/hard/crtbegin.o
 .ARM.attributes
                0x00000056       0x34 ./Core/Src/main.o
 .ARM.attributes
                0x0000008a       0x34 ./Core/Src/stm32l4xx_hal_msp.o
 .ARM.attributes
                0x000000be       0x34 ./Core/Src/stm32l4xx_it.o
 .ARM.attributes
                0x000000f2       0x34 ./Core/Src/system_stm32l4xx.o
 .ARM.attributes
                0x00000126       0x21 ./Core/Startup/startup_stm32l4s5vitx.o
 .ARM.attributes
                0x00000147       0x34 ./Drivers/STM32L4xx_HAL_Driver/Src/stm32l4xx_hal.o
 .ARM.attributes
                0x0000017b       0x34 ./Drivers/STM32L4xx_HAL_Driver/Src/stm32l4xx_hal_cortex.o
 .ARM.attributes
                0x000001af       0x34 ./Drivers/STM32L4xx_HAL_Driver/Src/stm32l4xx_hal_gpio.o
 .ARM.attributes
                0x000001e3       0x34 ./Drivers/STM32L4xx_HAL_Driver/Src/stm32l4xx_hal_pwr_ex.o
 .ARM.attributes
                0x00000217       0x34 ./Drivers/STM32L4xx_HAL_Driver/Src/stm32l4xx_hal_rcc.o
 .ARM.attributes
                0x0000024b       0x34 C:/ST/STM32CubeIDE_1.19.0/STM32CubeIDE/plugins/com.st.stm32cube.ide.mcu.externaltools.gnu-tools-for-stm32.13.3.rel1.win32_1.0.0.202411081344/tools/bin/../lib/gcc/arm-none-eabi/13.3.1/../../../../arm-none-eabi/lib/thumb/v7e-m+fp/hard\libc_nano.a(libc_a-memset.o)
 .ARM.attributes
                0x0000027f       0x34 C:/ST/STM32CubeIDE_1.19.0/STM32CubeIDE/plugins/com.st.stm32cube.ide.mcu.externaltools.gnu-tools-for-stm32.13.3.rel1.win32_1.0.0.202411081344/tools/bin/../lib/gcc/arm-none-eabi/13.3.1/../../../../arm-none-eabi/lib/thumb/v7e-m+fp/hard\libc_nano.a(libc_a-init.o)
 .ARM.attributes
                0x000002b3       0x22 C:/ST/STM32CubeIDE_1.19.0/STM32CubeIDE/plugins/com.st.stm32cube.ide.mcu.externaltools.gnu-tools-for-stm32.13.3.rel1.win32_1.0.0.202411081344/tools/bin/../lib/gcc/arm-none-eabi/13.3.1/thumb/v7e-m+fp/hard/crtn.o
OUTPUT(User_Button.elf elf32-littlearm)
LOAD linker stubs
LOAD C:/ST/STM32CubeIDE_1.19.0/STM32CubeIDE/plugins/com.st.stm32cube.ide.mcu.externaltools.gnu-tools-for-stm32.13.3.rel1.win32_1.0.0.202411081344/tools/bin/../lib/gcc/arm-none-eabi/13.3.1/../../../../arm-none-eabi/lib/thumb/v7e-m+fp/hard\libc.a
LOAD C:/ST/STM32CubeIDE_1.19.0/STM32CubeIDE/plugins/com.st.stm32cube.ide.mcu.externaltools.gnu-tools-for-stm32.13.3.rel1.win32_1.0.0.202411081344/tools/bin/../lib/gcc/arm-none-eabi/13.3.1/../../../../arm-none-eabi/lib/thumb/v7e-m+fp/hard\libm.a
LOAD C:/ST/STM32CubeIDE_1.19.0/STM32CubeIDE/plugins/com.st.stm32cube.ide.mcu.externaltools.gnu-tools-for-stm32.13.3.rel1.win32_1.0.0.202411081344/tools/bin/../lib/gcc/arm-none-eabi/13.3.1/thumb/v7e-m+fp/hard\libgcc.a

.debug_info     0x00000000     0x4e09
 .debug_info    0x00000000      0xa2a ./Core/Src/main.o
 .debug_info    0x00000a2a      0x331 ./Core/Src/stm32l4xx_hal_msp.o
 .debug_info    0x00000d5b      0x1a0 ./Core/Src/stm32l4xx_it.o
 .debug_info    0x00000efb      0x61a ./Core/Src/system_stm32l4xx.o
 .debug_info    0x00001515       0x30 ./Core/Startup/startup_stm32l4s5vitx.o
 .debug_info    0x00001545      0xb91 ./Drivers/STM32L4xx_HAL_Driver/Src/stm32l4xx_hal.o
 .debug_info    0x000020d6      0xdcb ./Drivers/STM32L4xx_HAL_Driver/Src/stm32l4xx_hal_cortex.o
 .debug_info    0x00002ea1      0x7cf ./Drivers/STM32L4xx_HAL_Driver/Src/stm32l4xx_hal_gpio.o
 .debug_info    0x00003670      0xa36 ./Drivers/STM32L4xx_HAL_Driver/Src/stm32l4xx_hal_pwr_ex.o
 .debug_info    0x000040a6      0xd63 ./Drivers/STM32L4xx_HAL_Driver/Src/stm32l4xx_hal_rcc.o

.debug_abbrev   0x00000000     0x1136
 .debug_abbrev  0x00000000      0x214 ./Core/Src/main.o
 .debug_abbrev  0x00000214       0xdd ./Core/Src/stm32l4xx_hal_msp.o
 .debug_abbrev  0x000002f1       0xca ./Core/Src/stm32l4xx_it.o
 .debug_abbrev  0x000003bb      0x117 ./Core/Src/system_stm32l4xx.o
 .debug_abbrev  0x000004d2       0x24 ./Core/Startup/startup_stm32l4s5vitx.o
 .debug_abbrev  0x000004f6      0x243 ./Drivers/STM32L4xx_HAL_Driver/Src/stm32l4xx_hal.o
 .debug_abbrev  0x00000739      0x31c ./Drivers/STM32L4xx_HAL_Driver/Src/stm32l4xx_hal_cortex.o
 .debug_abbrev  0x00000a55      0x1d1 ./Drivers/STM32L4xx_HAL_Driver/Src/stm32l4xx_hal_gpio.o
 .debug_abbrev  0x00000c26      0x1f9 ./Drivers/STM32L4xx_HAL_Driver/Src/stm32l4xx_hal_pwr_ex.o
 .debug_abbrev  0x00000e1f      0x317 ./Drivers/STM32L4xx_HAL_Driver/Src/stm32l4xx_hal_rcc.o

.debug_aranges  0x00000000      0x5d8
 .debug_aranges
                0x00000000       0x40 ./Core/Src/main.o
 .debug_aranges
                0x00000040       0x20 ./Core/Src/stm32l4xx_hal_msp.o
 .debug_aranges
                0x00000060       0x70 ./Core/Src/stm32l4xx_it.o
 .debug_aranges
                0x000000d0       0x28 ./Core/Src/system_stm32l4xx.o
 .debug_aranges
                0x000000f8       0x28 ./Core/Startup/startup_stm32l4s5vitx.o
 .debug_aranges
                0x00000120      0x130 ./Drivers/STM32L4xx_HAL_Driver/Src/stm32l4xx_hal.o
 .debug_aranges
                0x00000250      0x128 ./Drivers/STM32L4xx_HAL_Driver/Src/stm32l4xx_hal_cortex.o
 .debug_aranges
                0x00000378       0x58 ./Drivers/STM32L4xx_HAL_Driver/Src/stm32l4xx_hal_gpio.o
 .debug_aranges
                0x000003d0      0x170 ./Drivers/STM32L4xx_HAL_Driver/Src/stm32l4xx_hal_pwr_ex.o
 .debug_aranges
                0x00000540       0x98 ./Drivers/STM32L4xx_HAL_Driver/Src/stm32l4xx_hal_rcc.o

.debug_rnglists
                0x00000000      0x443
 .debug_rnglists
                0x00000000       0x2d ./Core/Src/main.o
 .debug_rnglists
                0x0000002d       0x13 ./Core/Src/stm32l4xx_hal_msp.o
 .debug_rnglists
                0x00000040       0x4f ./Core/Src/stm32l4xx_it.o
 .debug_rnglists
                0x0000008f       0x1a ./Core/Src/system_stm32l4xx.o
 .debug_rnglists
                0x000000a9       0x19 ./Core/Startup/startup_stm32l4s5vitx.o
 .debug_rnglists
                0x000000c2       0xdf ./Drivers/STM32L4xx_HAL_Driver/Src/stm32l4xx_hal.o
 .debug_rnglists
                0x000001a1       0xda ./Drivers/STM32L4xx_HAL_Driver/Src/stm32l4xx_hal_cortex.o
 .debug_rnglists
                0x0000027b       0x3f ./Drivers/STM32L4xx_HAL_Driver/Src/stm32l4xx_hal_gpio.o
 .debug_rnglists
                0x000002ba      0x115 ./Drivers/STM32L4xx_HAL_Driver/Src/stm32l4xx_hal_pwr_ex.o
 .debug_rnglists
                0x000003cf       0x74 ./Drivers/STM32L4xx_HAL_Driver/Src/stm32l4xx_hal_rcc.o

.debug_macro    0x00000000    0x28d2d
 .debug_macro   0x00000000      0x1d3 ./Core/Src/main.o
 .debug_macro   0x000001d3      0xad8 ./Core/Src/main.o
 .debug_macro   0x00000cab      0x19b ./Core/Src/main.o
 .debug_macro   0x00000e46       0x2e ./Core/Src/main.o
 .debug_macro   0x00000e74       0x28 ./Core/Src/main.o
 .debug_macro   0x00000e9c       0x22 ./Core/Src/main.o
 .debug_macro   0x00000ebe       0x8e ./Core/Src/main.o
 .debug_macro   0x00000f4c       0x51 ./Core/Src/main.o
 .debug_macro   0x00000f9d      0x103 ./Core/Src/main.o
 .debug_macro   0x000010a0       0x6a ./Core/Src/main.o
 .debug_macro   0x0000110a      0x1df ./Core/Src/main.o
 .debug_macro   0x000012e9       0x1c ./Core/Src/main.o
 .debug_macro   0x00001305       0x22 ./Core/Src/main.o
 .debug_macro   0x00001327       0xfb ./Core/Src/main.o
 .debug_macro   0x00001422     0x1011 ./Core/Src/main.o
 .debug_macro   0x00002433      0x11f ./Core/Src/main.o
 .debug_macro   0x00002552    0x1d2a7 ./Core/Src/main.o
 .debug_macro   0x0001f7f9       0x6d ./Core/Src/main.o
 .debug_macro   0x0001f866     0x3902 ./Core/Src/main.o
 .debug_macro   0x00023168      0x190 ./Core/Src/main.o
 .debug_macro   0x000232f8       0x5c ./Core/Src/main.o
 .debug_macro   0x00023354     0x1910 ./Core/Src/main.o
 .debug_macro   0x00024c64      0x7dc ./Core/Src/main.o
 .debug_macro   0x00025440      0x1b9 ./Core/Src/main.o
 .debug_macro   0x000255f9      0x225 ./Core/Src/main.o
 .debug_macro   0x0002581e      0x5c9 ./Core/Src/main.o
 .debug_macro   0x00025de7      0x280 ./Core/Src/main.o
 .debug_macro   0x00026067      0x495 ./Core/Src/main.o
 .debug_macro   0x000264fc      0x1d9 ./Core/Src/main.o
 .debug_macro   0x000266d5       0x43 ./Core/Src/main.o
 .debug_macro   0x00026718      0x23d ./Core/Src/main.o
 .debug_macro   0x00026955      0x241 ./Core/Src/main.o
 .debug_macro   0x00026b96      0x416 ./Core/Src/main.o
 .debug_macro   0x00026fac       0x1c ./Core/Src/main.o
 .debug_macro   0x00026fc8       0xf2 ./Core/Src/main.o
 .debug_macro   0x000270ba      0x122 ./Core/Src/main.o
 .debug_macro   0x000271dc      0x3f6 ./Core/Src/main.o
 .debug_macro   0x000275d2      0x432 ./Core/Src/main.o
 .debug_macro   0x00027a04      0x420 ./Core/Src/main.o
 .debug_macro   0x00027e24      0x1d3 ./Core/Src/stm32l4xx_hal_msp.o
 .debug_macro   0x00027ff7      0x1dd ./Core/Src/stm32l4xx_it.o
 .debug_macro   0x000281d4      0x1c4 ./Core/Src/system_stm32l4xx.o
 .debug_macro   0x00028398      0x212 ./Drivers/STM32L4xx_HAL_Driver/Src/stm32l4xx_hal.o
 .debug_macro   0x000285aa      0x1c4 ./Drivers/STM32L4xx_HAL_Driver/Src/stm32l4xx_hal_cortex.o
 .debug_macro   0x0002876e      0x1cb ./Drivers/STM32L4xx_HAL_Driver/Src/stm32l4xx_hal_gpio.o
 .debug_macro   0x00028939      0x1ee ./Drivers/STM32L4xx_HAL_Driver/Src/stm32l4xx_hal_pwr_ex.o
 .debug_macro   0x00028b27      0x206 ./Drivers/STM32L4xx_HAL_Driver/Src/stm32l4xx_hal_rcc.o

.debug_line     0x00000000     0x630a
 .debug_line    0x00000000      0x91a ./Core/Src/main.o
 .debug_line    0x0000091a      0x72c ./Core/Src/stm32l4xx_hal_msp.o
 .debug_line    0x00001046      0x813 ./Core/Src/stm32l4xx_it.o
 .debug_line    0x00001859      0x7ca ./Core/Src/system_stm32l4xx.o
 .debug_line    0x00002023       0x7a ./Core/Startup/startup_stm32l4s5vitx.o
 .debug_line    0x0000209d      0xb32 ./Drivers/STM32L4xx_HAL_Driver/Src/stm32l4xx_hal.o
 .debug_line    0x00002bcf      0xccd ./Drivers/STM32L4xx_HAL_Driver/Src/stm32l4xx_hal_cortex.o
 .debug_line    0x0000389c      0xb6e ./Drivers/STM32L4xx_HAL_Driver/Src/stm32l4xx_hal_gpio.o
 .debug_line    0x0000440a      0xd89 ./Drivers/STM32L4xx_HAL_Driver/Src/stm32l4xx_hal_pwr_ex.o
 .debug_line    0x00005193     0x1177 ./Drivers/STM32L4xx_HAL_Driver/Src/stm32l4xx_hal_rcc.o

.debug_str      0x00000000    0xfb3ad
 .debug_str     0x00000000    0xfb3ad ./Core/Src/main.o
                              0xfa0c6 (size before relaxing)
 .debug_str     0x000fb3ad    0xf9878 ./Core/Src/stm32l4xx_hal_msp.o
 .debug_str     0x000fb3ad    0xf97e7 ./Core/Src/stm32l4xx_it.o
 .debug_str     0x000fb3ad    0xf864e ./Core/Src/system_stm32l4xx.o
 .debug_str     0x000fb3ad       0x83 ./Core/Startup/startup_stm32l4s5vitx.o
 .debug_str     0x000fb3ad    0xf9241 ./Drivers/STM32L4xx_HAL_Driver/Src/stm32l4xx_hal.o
 .debug_str     0x000fb3ad    0xf8eed ./Drivers/STM32L4xx_HAL_Driver/Src/stm32l4xx_hal_cortex.o
 .debug_str     0x000fb3ad    0xf87da ./Drivers/STM32L4xx_HAL_Driver/Src/stm32l4xx_hal_gpio.o
 .debug_str     0x000fb3ad    0xf8c21 ./Drivers/STM32L4xx_HAL_Driver/Src/stm32l4xx_hal_pwr_ex.o
 .debug_str     0x000fb3ad    0xf8cc1 ./Drivers/STM32L4xx_HAL_Driver/Src/stm32l4xx_hal_rcc.o

.comment        0x00000000       0x43
 .comment       0x00000000       0x43 ./Core/Src/main.o
                                 0x44 (size before relaxing)
 .comment       0x00000043       0x44 ./Core/Src/stm32l4xx_hal_msp.o
 .comment       0x00000043       0x44 ./Core/Src/stm32l4xx_it.o
 .comment       0x00000043       0x44 ./Core/Src/system_stm32l4xx.o
 .comment       0x00000043       0x44 ./Drivers/STM32L4xx_HAL_Driver/Src/stm32l4xx_hal.o
 .comment       0x00000043       0x44 ./Drivers/STM32L4xx_HAL_Driver/Src/stm32l4xx_hal_cortex.o
 .comment       0x00000043       0x44 ./Drivers/STM32L4xx_HAL_Driver/Src/stm32l4xx_hal_gpio.o
 .comment       0x00000043       0x44 ./Drivers/STM32L4xx_HAL_Driver/Src/stm32l4xx_hal_pwr_ex.o
 .comment       0x00000043       0x44 ./Drivers/STM32L4xx_HAL_Driver/Src/stm32l4xx_hal_rcc.o

.debug_frame    0x00000000     0x15a4
 .debug_frame   0x00000000       0xb4 ./Core/Src/main.o
 .debug_frame   0x000000b4       0x38 ./Core/Src/stm32l4xx_hal_msp.o
 .debug_frame   0x000000ec      0x13c ./Core/Src/stm32l4xx_it.o
 .debug_frame   0x00000228       0x58 ./Core/Src/system_stm32l4xx.o
 .debug_frame   0x00000280      0x498 ./Drivers/STM32L4xx_HAL_Driver/Src/stm32l4xx_hal.o
 .debug_frame   0x00000718      0x4e8 ./Drivers/STM32L4xx_HAL_Driver/Src/stm32l4xx_hal_cortex.o
 .debug_frame   0x00000c00      0x14c ./Drivers/STM32L4xx_HAL_Driver/Src/stm32l4xx_hal_gpio.o
 .debug_frame   0x00000d4c      0x5c4 ./Drivers/STM32L4xx_HAL_Driver/Src/stm32l4xx_hal_pwr_ex.o
 .debug_frame   0x00001310      0x248 ./Drivers/STM32L4xx_HAL_Driver/Src/stm32l4xx_hal_rcc.o
 .debug_frame   0x00001558       0x20 C:/ST/STM32CubeIDE_1.19.0/STM32CubeIDE/plugins/com.st.stm32cube.ide.mcu.externaltools.gnu-tools-for-stm32.13.3.rel1.win32_1.0.0.202411081344/tools/bin/../lib/gcc/arm-none-eabi/13.3.1/../../../../arm-none-eabi/lib/thumb/v7e-m+fp/hard\libc_nano.a(libc_a-memset.o)
 .debug_frame   0x00001578       0x2c C:/ST/STM32CubeIDE_1.19.0/STM32CubeIDE/plugins/com.st.stm32cube.ide.mcu.externaltools.gnu-tools-for-stm32.13.3.rel1.win32_1.0.0.202411081344/tools/bin/../lib/gcc/arm-none-eabi/13.3.1/../../../../arm-none-eabi/lib/thumb/v7e-m+fp/hard\libc_nano.a(libc_a-init.o)

.debug_line_str
                0x00000000       0x67
 .debug_line_str
                0x00000000       0x67 ./Core/Startup/startup_stm32l4s5vitx.o
